
Note: No compatibility mode selected!


Circuit: cmos beta-multiplier reference with startup

Doing analysis at TEMP = 27.000000 and TNOM = 27.000000

Using SPARSE 1.3 as Direct Linear Solver

Initial Transient Solution
--------------------------

Node                                   Voltage
----                                   -------
vdd                                          0
out                               -1.01939e-39
su                                -1.01939e-39
na                                           0
xdut.net0                         -2.35471e-18
xdut.net1                                    0
vdd#branch                        -1.20168e-29


No. of Data Rows : 10054
i33                 =  9.51809e-06 from=  3.00000e-06 to=  4.00050e-06
i28                 =  9.09299e-06 from=  8.00000e-06 to=  9.00050e-06
bias33              =  8.13203e-01 from=  3.00000e-06 to=  4.00050e-06
start_off           =  4.23778e-02 from=  3.00000e-06 to=  4.00050e-06
steady33            =  0.00000e+00 from=  3.00000e-06 to=  4.00000e-06
ASCII raw file "out.raw"
ngspice-46 done
