
Note: No compatibility mode selected!


Circuit: cmos 4-by-4 nor mask rom

Doing analysis at TEMP = 27.000000 and TNOM = 27.000000

Using SPARSE 1.3 as Direct Linear Solver

Initial Transient Solution
--------------------------

Node                                   Voltage
----                                   -------
vdd                                        3.3
preb                                         0
w0                                           0
w1                                           0
w2                                           0
w3                                           0
xdut.net0                                  3.3
xdut.net1                                  3.3
xdut.net2                                  3.3
xdut.net3                                  3.3
b0                                 6.12963e-10
b1                                 6.12963e-10
b2                                 6.12963e-10
b3                                 6.12963e-10
vw3#branch                                   0
vw2#branch                                   0
vw1#branch                                   0
vw0#branch                                   0
vp#branch                                    0
vdd#branch                          -4.303e-11


No. of Data Rows : 8669
w0b0                =  5.31876e-10
w0b1                =  3.30000e+00
w0b2                =  5.31876e-10
w0b3                =  3.30000e+00
w1b0                =  5.31882e-10
w1b1                =  3.30000e+00
w1b2                =  3.30000e+00
w1b3                =  5.31882e-10
w2b0                =  3.30000e+00
w2b1                =  5.03217e-10
w2b2                =  3.30000e+00
w2b3                =  3.30000e+00
w3b0                =  3.30000e+00
w3b1                =  3.30000e+00
w3b2                =  5.31882e-10
w3b3                =  5.31882e-10
pre0                =  6.12963e-10
pre1                =  6.12963e-10
pre2                =  6.12963e-10
pre3                =  6.12963e-10
ASCII raw file "out.raw"
ngspice-46 done
