
Note: No compatibility mode selected!


Circuit: cmos binary capacitive charge-redistribution dac

Doing analysis at TEMP = 27.000000 and TNOM = 27.000000

Using SPARSE 1.3 as Direct Linear Solver

Initial Transient Solution
--------------------------

Node                                   Voltage
----                                   -------
vdd                                        3.3
d0                                           0
d1                                           0
d2                                           0
reset                                      3.3
out                               -4.11084e-25
xdut.net0                          1.22593e-09
xdut.net1                          1.22593e-09
xdut.net2                          1.22593e-09
xdut.db0                                   3.3
xdut.db1                                   3.3
xdut.db2                                   3.3
vr#branch                                    0
v2#branch                                    0
v1#branch                                    0
v0#branch                                    0
vdd#branch                          -4.965e-11


No. of Data Rows : 8632
code0               =  -7.90536e-04
code1               =  4.11603e-01
code2               =  8.23991e-01
code3               =  1.23637e+00
code4               =  1.64875e+00
code5               =  2.06112e+00
code6               =  2.47349e+00
code7               =  2.88585e+00
ASCII raw file "out.raw"
ngspice-46 done
