
Note: No compatibility mode selected!


Circuit: cmos pulse-width discriminator

Doing analysis at TEMP = 27.000000 and TNOM = 27.000000

Using SPARSE 1.3 as Direct Linear Solver

Initial Transient Solution
--------------------------

Node                                   Voltage
----                                   -------
vdd                                        3.3
iref                                   2.20538
vref                                       1.2
vb                                         0.9
inp                                          0
out                                3.06481e-10
xdut.net1                          1.53241e-10
xdut.net0                          2.76097e-08
xdut.net2                              2.69995
xdut.net5                          2.30081e-08
xdut.below                                 3.3
xdut.net3                                  3.3
xdut.inb                                   3.3
xdut.net4                                  3.3
vin#branch                                   0
vb#branch                                    0
vref#branch                                  0
vdd#branch                             -0.0001


No. of Data Rows : 13640
short1              =  4.01348e-02 at=  2.50939e-08
long1               =  3.30000e+00 at=  1.08998e-07
delay               =  1.43926e-08 targ=  9.44426e-08 trig=  8.00500e-08
width               =  1.57116e-08 targ=  1.10154e-07 trig=  9.44426e-08
after_long          =  3.49142e-10
short2              =  4.00440e-02 at=  1.67096e-07
long2               =  3.30000e+00 at=  2.32379e-07
ASCII raw file "out.raw"
ngspice-46 done
