
Note: No compatibility mode selected!


Circuit: cmos one-hot resistor-string dac

Doing analysis at TEMP = 27.000000 and TNOM = 27.000000

Using SPARSE 1.3 as Direct Linear Solver

Initial Transient Solution
--------------------------

Node                                   Voltage
----                                   -------
vdd                                        3.3
s0                                           0
s1                                           0
s2                                           0
s3                                           0
out                                  0.0131191
xdut.sb0                                   3.3
xdut.sb2                                   3.3
xdut.net1                                  2.2
xdut.sb3                                   3.3
xdut.sb1                                   3.3
xdut.net0                                  1.1
vs3#branch                                   0
vs2#branch                                   0
vs1#branch                                   0
vs0#branch                                   0
vdd#branch                            -0.00011


No. of Data Rows : 5671
level0              =  2.45185e-09
level1              =  1.09999e+00
level2              =  2.19998e+00
level3              =  3.30000e+00
level4              =  2.45185e-09
ASCII raw file "out.raw"
ngspice-46 done
