
Note: No compatibility mode selected!


Circuit: cmos latched clock gate

Doing analysis at TEMP = 27.000000 and TNOM = 27.000000

Using SPARSE 1.3 as Direct Linear Solver

Initial Transient Solution
--------------------------

Node                                   Voltage
----                                   -------
vdd                                        3.3
clk                                          0
en                                           0
xdut.el                            1.22593e-09
gclk                               6.12963e-10
xdut.clkb                                  3.3
xdut.net1                                  3.3
xdut.net2                                  3.3
xdut.net3                         -4.32378e-18
xdut.net0                          1.22593e-09
ven#branch                            9.93e-12
vclk#branch                                  0
vdd#branch                          -2.979e-11


No. of Data Rows : 19685
blocked_first       =  5.88457e-07 at=  3.00038e-08
full_first          =  3.30000e+00 at=  7.00070e-08
low_first           =  9.57435e-09 at=  8.20091e-08
blocked_second      =  5.98738e-07 at=  1.10004e-07
full_second         =  3.30000e+00 at=  1.50007e-07
low_second          =  9.57435e-09 at=  1.62009e-07
ASCII raw file "out.raw"
ngspice-46 done
