
Note: No compatibility mode selected!


Circuit: cmos two-stage scan register

Doing analysis at TEMP = 27.000000 and TNOM = 27.000000

Using SPARSE 1.3 as Direct Linear Solver

Initial Transient Solution
--------------------------

Node                                   Voltage
----                                   -------
vdd                                        3.3
clk                                          0
se                                         3.3
si                                         3.3
d0                                           0
d1                                         3.3
q0                                           0
q1                                           0
xdut.clkb                                  3.3
xdut.net8                                  3.3
xdut.net0                                  3.3
xdut.net1                          6.12963e-10
xdut.net2                                  3.3
xdut.net3                          1.22593e-09
xdut.q0b                                   3.3
xdut.net9                          3.06481e-09
xdut.seb                           6.12963e-10
xdut.net4                          4.29074e-09
xdut.net5                                  3.3
xdut.net6                          1.83889e-09
xdut.net7                          1.22593e-09
xdut.q1b                                   3.3
vd1#branch                           -3.31e-12
vd0#branch                            3.31e-12
vsi#branch                          -1.986e-11
vse#branch                                   0
vclk#branch                                  0
vdd#branch                          -8.937e-11


No. of Data Rows : 7468
c0b0                =  3.30000e+00
c0b1                =  1.22593e-09
c1b0                =  3.67778e-09
c1b1                =  3.30000e+00
c2b0                =  3.30000e+00
c2b1                =  1.22593e-09
c3b0                =  3.30000e+00
c3b1                =  3.30000e+00
c4b0                =  3.67778e-09
c4b1                =  3.30000e+00
c5b0                =  1.83889e-09
c5b1                =  3.30000e+00
c6b0                =  3.30000e+00
c6b1                =  1.22593e-09
c7b0                =  3.30000e+00
c7b1                =  3.30000e+00
c8b0                =  3.30000e+00
c8b1                =  3.30000e+00
c9b0                =  3.67778e-09
c9b1                =  3.30000e+00
c10b0               =  3.67778e-09
c10b1               =  1.22593e-09
c11b0               =  3.30000e+00
c11b1               =  1.22593e-09
ASCII raw file "out.raw"
ngspice-46 done
