
Note: No compatibility mode selected!


Circuit: cmos two-bit binary cam row

Doing analysis at TEMP = 27.000000 and TNOM = 27.000000

Using SPARSE 1.3 as Direct Linear Solver

Initial Transient Solution
--------------------------

Node                                   Voltage
----                                   -------
vdd                                        3.3
clk                                          0
wl                                         3.3
bl0                                          0
bl0b                                       3.3
sl0                                          0
bl1                                          0
bl1b                                       3.3
sl1                                          0
q0                                 7.66204e-11
q1                                 7.66204e-11
miss                               6.12963e-10
xdut.ml                                    3.3
q0b                                        3.3
xdut.net2                              2.33746
xdut.foot                         -2.19776e-19
q1b                                        3.3
xdut.net1                         -2.19776e-19
xdut.sl1b                                  3.3
xdut.net3                              2.33746
xdut.sl0b                                  3.3
xdut.net0                         -2.19776e-19
vsl1#branch                                  0
vbl1b#branch                         -3.31e-12
vbl1#branch                         2.4825e-12
vsl0#branch                                  0
vbl0b#branch                         -3.31e-12
vbl0#branch                         2.4825e-12
vwl#branch                                   0
vclk#branch                                  0
vdd#branch                        -5.24199e-11


No. of Data Rows : 20802
lookup0             =  4.04217e-10
lookup1             =  3.30000e+00
lookup2             =  3.30000e+00
lookup3             =  3.30000e+00
lookup4             =  3.30000e+00
lookup5             =  4.40904e-10
lookup6             =  3.30000e+00
lookup7             =  3.30000e+00
lookup8             =  3.30000e+00
lookup9             =  3.30000e+00
lookup10            =  4.37075e-10
lookup11            =  3.30000e+00
lookup12            =  3.30000e+00
lookup13            =  3.30000e+00
lookup14            =  3.30000e+00
lookup15            =  4.75606e-10
store0b0            =  3.06482e-10
store0b1            =  3.06482e-10
store1b0            =  3.30000e+00
store1b1            =  -1.21678e-08
store2b0            =  -1.32294e-08
store2b1            =  3.30000e+00
store3b0            =  3.30000e+00
store3b1            =  3.30000e+00
ASCII raw file "out.raw"
ngspice-46 done
