
Note: No compatibility mode selected!


Circuit: cmos flying-capacitor voltage inverter

Doing analysis at TEMP = 27.000000 and TNOM = 27.000000

Using SPARSE 1.3 as Direct Linear Solver

Initial Transient Solution
--------------------------

Node                                   Voltage
----                                   -------
vdd                                        3.3
p1                                           0
p2                                           0
xdut.net0                                 1.65
xdut.net1                               1.6501
xdut.g1                            0.000198691
out                                0.000198685
xdut.net2                                  3.3
xdut.g2                            0.000198691
xdut.net3                                  3.3
xdut.p1b                                   3.3
xdut.p2b                                   3.3
vp2#branch                                   0
vp1#branch                                   0
vdd#branch                        -3.97388e-11

 Reference value :  4.65255e-05
 Reference value :  9.55244e-05

No. of Data Rows : 85599
inverted            =  -3.01732e+00 from=  8.00000e-05 to=  1.00000e-04
ripple              =  6.11939e-02 from=  8.00000e-05 to=  1.00000e-04
final               =  -3.01634e+00
ASCII raw file "out.raw"
ngspice-46 done
