
Note: No compatibility mode selected!


Circuit: cmos differential commutating mixer

Doing analysis at TEMP = 27.000000 and TNOM = 27.000000

Using SPARSE 1.3 as Direct Linear Solver

Initial Transient Solution
--------------------------

Node                                   Voltage
----                                   -------
vdd                                        3.3
vcm                                       1.65
vip                                       1.65
vim                                       1.65
lo                                           0
outm                                      1.65
outp                                      1.65
xdut.lob                                   3.3
vlo#branch                                   0
vim#branch                         1.61068e-18
vip#branch                         3.77302e-19
vcm#branch                        -1.81604e-23
vdd#branch                          -1.659e-11


No. of Data Rows : 77579
if_cos              =  6.30927e-02 from=  2.00000e-05 to=  1.20000e-04
if_sin              =  -2.59607e-04 from=  2.00000e-05 to=  1.20000e-04
dc_offset           =  -5.04092e-10 from=  2.00000e-05 to=  1.20000e-04
rf_leak             =  4.20799e-06 from=  2.00000e-05 to=  1.20000e-04
ASCII raw file "out.raw"
ngspice-46 done
