
Note: No compatibility mode selected!


Circuit: four-input cmos charge-domain weighted sum

Doing analysis at TEMP = 27.000000 and TNOM = 27.000000

Using SPARSE 1.3 as Direct Linear Solver

Initial Transient Solution
--------------------------

Node                                   Voltage
----                                   -------
vdd                                        3.3
sample                                       0
sampleb                                    3.3
read                                         0
readb                                      3.3
v1                                         0.2
v2                                         0.4
v3                                         0.6
v4                                         0.8
xdut.net0                                 1.65
xdut.net1                                 1.65
xdut.net2                                 1.65
xdut.net3                                 1.65
out                                    1.46556
v4#branch                              1.7e-12
v3#branch                              2.1e-12
v2#branch                              2.5e-12
v1#branch                              2.9e-12
vrb#branch                                   0
vr#branch                                    0
vsb#branch                                   0
vs#branch                                    0
vdd#branch                        -3.18978e-11


No. of Data Rows : 21051
ascending           =  6.45240e-01
descending          =  3.42164e-01
commonmode          =  4.93708e-01
msb_only            =  5.25682e-01
ASCII raw file "out.raw"
ngspice-46 done
