
Note: No compatibility mode selected!


Circuit: cmos two-input analog min/max sorter

Doing analysis at TEMP = 27.000000 and TNOM = 27.000000

Using SPARSE 1.3 as Direct Linear Solver

Initial Transient Solution
--------------------------

Node                                   Voltage
----                                   -------
vdd                                        3.3
vb                                         0.9
vp                                         0.9
vn                                         1.5
max                                        1.5
min                                        0.9
xdut.net1                              2.51766
xdut.net2                             0.113373
xdut.enb                                   3.3
xdut.en                            6.12963e-10
xdut.net0                             0.132192
vn#branch                          -1.4988e-09
vp#branch                            -8.94e-10
vb#branch                                    0
vdd#branch                        -5.52954e-05


No. of Data Rows : 8202
s0max               =  1.50000e+00
s0min               =  9.00000e-01
s1max               =  1.80000e+00
s1min               =  1.20000e+00
s2max               =  1.60000e+00
s2min               =  1.10000e+00
s3max               =  1.70000e+00
s3min               =  1.00000e+00
ASCII raw file "out.raw"
ngspice-46 done
