
Note: No compatibility mode selected!


Circuit: mos common-gate colpitts oscillator

Doing analysis at TEMP = 27.000000 and TNOM = 27.000000

Using SPARSE 1.3 as Direct Linear Solver

Initial Transient Solution
--------------------------

Node                                   Voltage
----                                   -------
vdd                                        3.3
vg                                         1.8
vb                                         0.9
tank                                       3.3
fb                                        0.85
out                                    2.25149
xdut.net0                                  3.3
l.xdut.l1#branch                   2.60902e-17
vb#branch                                    0
vg#branch                                    0
vdd#branch                        -1.88105e-05


No. of Data Rows : 50688
tankpp              =  3.42470e+00 from=  3.00000e-06 to=  5.00000e-06
outpp               =  1.68488e+00 from=  3.00000e-06 to=  5.00000e-06
period              =  1.62538e-08 targ=  1.63249e-06 trig=  1.61623e-06
avg                 =  3.29959e+00 from=  3.00000e-06 to=  5.00000e-06
ASCII raw file "out.raw"
ngspice-46 done
