
Note: No compatibility mode selected!


Circuit: cmos switched-capacitor low-pass filter

Doing analysis at TEMP = 27.000000 and TNOM = 27.000000

Using SPARSE 1.3 as Direct Linear Solver

Initial Transient Solution
--------------------------

Node                                   Voltage
----                                   -------
vdd                                        3.3
vin                                        1.2
vh                                           0
p1                                           0
p2                                           0
out                                  0.0033022
xdut.net0                           0.00658915
xdut.p1b                                   3.3
xdut.p2b                                   3.3
vp2#branch                                   0
vp1#branch                                   0
vh#branch                                9e-13
vl#branch                                9e-13
vdd#branch                        -1.86435e-11

 Reference value :  1.58020e-04
 Reference value :  3.34021e-04
 Reference value :  5.09020e-04
No. of Data Rows : 246299
low_sin             =  6.94668e-02 from=  2.00000e-04 to=  6.00000e-04
low_cos             =  -4.63310e-02 from=  2.00000e-04 to=  6.00000e-04
high_sin            =  1.40902e-03 from=  2.00000e-04 to=  6.00000e-04
high_cos            =  -1.49374e-02 from=  2.00000e-04 to=  6.00000e-04
mean                =  1.19993e+00 from=  2.00000e-04 to=  6.00000e-04
ASCII raw file "out.raw"
ngspice-46 done
