
Note: No compatibility mode selected!


Circuit: bjt cascode voltage amplifier — nominal functional verification

Doing analysis at TEMP = 27.000000 and TNOM = 27.000000

Using SPARSE 1.3 as Direct Linear Solver

No. of Data Rows : 1
v(out) = 0.000000e+00
i(vcc) = -1.46670e-03
Doing analysis at TEMP = 27.000000 and TNOM = 27.000000

Using SPARSE 1.3 as Direct Linear Solver

No. of Data Rows : 641
gain_1khz           =  4.14163e+01
ASCII raw file "out.raw"
Doing analysis at TEMP = 27.000000 and TNOM = 27.000000

Using SPARSE 1.3 as Direct Linear Solver

Initial Transient Solution
--------------------------

Node                                   Voltage
----                                   -------
vcc                                         12
in                                           0
xdut.net0                              2.01231
xdut.net3                              1.29121
xdut.net1                               5.7135
out                                          0
xdut.net2                              7.79457
xdut.net4                              4.99233
vin#branch                                   0
vcc#branch                          -0.0014667


No. of Data Rows : 15009
out_pp              =  2.35351e-01 from=  2.00000e-02 to=  3.00000e-02
supply_avg          =  1.46671e-03 from=  2.00000e-02 to=  3.00000e-02
ASCII raw file "out.raw"
ngspice-46 done
