
Note: No compatibility mode selected!


Circuit: cmos static set-reset latch

Doing analysis at TEMP = 27.000000 and TNOM = 27.000000

Using SPARSE 1.3 as Direct Linear Solver

Initial Transient Solution
--------------------------

Node                                   Voltage
----                                   -------
vdd                                        3.3
r                                          3.3
s                                            0
xdut.net4                                  3.3
out                                6.12963e-10
xdut.net3                          3.06481e-10
xdut.net1                                  3.3
xdut.net0                                  3.3
xdut.net2                                  3.3
vs#branch                                    0
vr#branch                                    0
vdd#branch                          -1.655e-11


No. of Data Rows : 10984
initial             =  6.12963e-10
set_q               =  3.30000e+00
hold_q              =  3.30000e+00
reset_q             =  6.12963e-10
hold_reset          =  6.12963e-10
set_again           =  3.30000e+00
ASCII raw file "out.raw"
ngspice-46 done
