
Note: No compatibility mode selected!


Circuit: cmos pulse-width-to-voltage converter

Doing analysis at TEMP = 27.000000 and TNOM = 27.000000

Using SPARSE 1.3 as Direct Linear Solver

Initial Transient Solution
--------------------------

Node                                   Voltage
----                                   -------
vdd                                        3.3
iref                                   2.47821
integrate                                    0
reset                                        0
sample                                       0
out                                  0.0033022
xdut.net0                                 1.65
xdut.net1                                  3.3
xdut.enb                                   3.3
xdut.sampleb                               3.3
vs#branch                                    0
vr#branch                                    0
ven#branch                                   0
vdd#branch                              -1e-05


No. of Data Rows : 41625
v100                =  8.96837e-02
v250                =  2.18080e-01
v500                =  4.31988e-01
v800                =  6.88495e-01
midpoint_error      =  1.27006e-04
ASCII raw file "out.raw"
ngspice-46 done
