
Note: No compatibility mode selected!


Circuit: divider-biased emitter follower — generic model, nominal verification

Doing analysis at TEMP = 27.000000 and TNOM = 27.000000

Using SPARSE 1.3 as Direct Linear Solver

No. of Data Rows : 1
v(xdut.e) = 4.512374e+00
i(vcc) = -2.10353e-03
Doing analysis at TEMP = 27.000000 and TNOM = 27.000000

Using SPARSE 1.3 as Direct Linear Solver

No. of Data Rows : 641
gain_db             =  -8.60247e-02
ASCII raw file "out.raw"
Doing analysis at TEMP = 27.000000 and TNOM = 27.000000

Using SPARSE 1.3 as Direct Linear Solver

Initial Transient Solution
--------------------------

Node                                   Voltage
----                                   -------
vcc                                         12
in                                           0
vdd                                    11.7896
xdut.net0                              5.24499
xdut.net1                                    0
out                                          0
xdut.e                                 4.51237
vin#branch                                   0
vcc#branch                         -0.00210353


No. of Data Rows : 50008
iq                  =  2.10353e-03 from=  9.00000e-02 to=  1.00000e-01
out_pp              =  1.98033e-02 from=  9.00000e-02 to=  1.00000e-01
ASCII raw file "out.raw"
ngspice-46 done
