
Note: No compatibility mode selected!


Circuit: cmos static three-input majority voter

Doing analysis at TEMP = 27.000000 and TNOM = 27.000000

Using SPARSE 1.3 as Direct Linear Solver

Initial Transient Solution
--------------------------

Node                                   Voltage
----                                   -------
vdd                                        3.3
a                                            0
b                                            0
c                                            0
vote                               6.12963e-10
xdut.net0                                  3.3
xdut.net1                          2.16057e-20
xdut.net5                                  3.3
xdut.net4                                  3.3
xdut.net2                          2.16057e-20
xdut.net3                          2.16057e-20
v2#branch                                    0
v1#branch                                    0
v0#branch                                    0
vdd#branch                          -1.324e-11


No. of Data Rows : 8489
s0vote              =  6.12963e-10
s1vote              =  6.14157e-10
s2vote              =  6.13560e-10
s3vote              =  3.30000e+00
s4vote              =  6.12963e-10
s5vote              =  3.30000e+00
s6vote              =  3.30000e+00
s7vote              =  3.30000e+00
ASCII raw file "out.raw"
ngspice-46 done
