Warning: singular matrix:  check node v1#branch

Note: Starting dynamic gmin stepping
Warning: singular matrix:  check node v1#branch

Warning: singular matrix:  check node v1#branch

Warning: singular matrix:  check node v1#branch

Warning: singular matrix:  check node v1#branch

Warning: singular matrix:  check node v1#branch

Warning: Dynamic gmin stepping failed
Note: Starting true gmin stepping
Warning: True gmin stepping failed
Note: Starting source stepping
Warning: source stepping failed
Note: Transient op started
Error: Transient op failed, timestep too small


Error: The operating point could not be simulated successfully.
    Any of the following steps may fail.!

doAnalyses: OP:  Timestep too small; cause unrecorded.


op simulation(s) aborted
Warning from checkvalid: vector v1#branch is not available or has zero length.
Error during 'write': no writable vector found.
Error: incomplete or empty netlist
       or no ".plot", ".print", or ".fourier" lines in batch mode;
no simulations run!

Note: No compatibility mode selected!


Circuit: * two ideal sources in parallel

Doing analysis at TEMP = 27.000000 and TNOM = 27.000000

Using SPARSE 1.3 as Direct Linear Solver

DC solution failed -

Last Node Voltages
------------------

Node                                   Last Voltage        Previous Iter
----                                   ------------        -------------
vg                                                0                    0
v2#branch                                         0                    2 *
v1#branch                                         0                    1 *

