
Note: No compatibility mode selected!


Circuit: cmos radix-4 booth recoder

Doing analysis at TEMP = 27.000000 and TNOM = 27.000000

Using SPARSE 1.3 as Direct Linear Solver

Initial Transient Solution
--------------------------

Node                                   Voltage
----                                   -------
vdd                                        3.3
b0                                           0
b1                                           0
b2                                           0
one                                1.22593e-09
two                                6.12963e-10
zero                                       3.3
neg                                6.12963e-10
xdut.b0b                                   3.3
xdut.diff                          1.22593e-09
xdut.b1b                                   3.3
xdut.b2b                                   3.3
xdut.oneb                                  3.3
xdut.net2                                  3.3
xdut.net1                              2.33748
xdut.net0                                  3.3
vb2#branch                            9.93e-12
vb1#branch                                   0
vb0#branch                            9.93e-12
vdd#branch                        -6.09649e-11


No. of Data Rows : 5751
p0one               =  1.22593e-09
p0two               =  6.12963e-10
p0zero              =  3.30000e+00
p0neg               =  6.12963e-10
p1one               =  3.30000e+00
p1two               =  -6.71153e-09
p1zero              =  1.61287e-08
p1neg               =  6.12963e-10
p2one               =  3.30000e+00
p2two               =  -6.67129e-09
p2zero              =  1.60491e-08
p2neg               =  6.12963e-10
p3one               =  3.67778e-09
p3two               =  3.30000e+00
p3zero              =  6.12963e-10
p3neg               =  6.12963e-10
p4one               =  1.22593e-09
p4two               =  3.30000e+00
p4zero              =  6.12963e-10
p4neg               =  3.30000e+00
p5one               =  3.30000e+00
p5two               =  -6.71181e-09
p5zero              =  1.61293e-08
p5neg               =  3.30000e+00
p6one               =  3.30000e+00
p6two               =  -6.67024e-09
p6zero              =  1.60470e-08
p6neg               =  3.30000e+00
p7one               =  3.67757e-09
p7two               =  6.13169e-10
p7zero              =  3.30000e+00
p7neg               =  3.30000e+00
ASCII raw file "out.raw"
ngspice-46 done
