
Note: No compatibility mode selected!


Circuit: cmos pulse coincidence detector

Doing analysis at TEMP = 27.000000 and TNOM = 27.000000

Using SPARSE 1.3 as Direct Linear Solver

Initial Transient Solution
--------------------------

Node                                   Voltage
----                                   -------
vdd                                        3.3
a                                            0
b                                            0
xdut.net4                          -8.3347e-99
xdut.net5                          -8.3347e-99
out                                1.53241e-09
xdut.bp                            1.53241e-09
xdut.net1                                  3.3
xdut.net2                                  3.3
xdut.ap                            1.53241e-09
xdut.net3                         -6.55784e-16
xdut.net0                                  3.3
vb#branch                                    0
va#branch                                    0
vdd#branch                          -2.648e-11


No. of Data Rows : 12941
hit                 =  3.30333e+00 at=  1.43614e-06
skew                =  3.30347e+00 at=  5.43646e-06
miss                =  6.24305e-04 at=  9.00134e-06
width0              =  4.34959e-07 targ=  1.43641e-06 trig=  1.00145e-06
width200            =  2.35272e-07 targ=  5.43671e-06 trig=  5.20144e-06
ASCII raw file "out.raw"
ngspice-46 done
