
Note: No compatibility mode selected!


Circuit: cmos positive-edge d flip-flop

Doing analysis at TEMP = 27.000000 and TNOM = 27.000000

Using SPARSE 1.3 as Direct Linear Solver

Initial Transient Solution
--------------------------

Node                                   Voltage
----                                   -------
vdd                                        3.3
clk                                          0
d                                            0
xdut.net2                          1.83889e-09
q                                      1.59207
xdut.clkb                                  3.3
xdut.net1                                  3.3
xdut.net3                              1.59207
xdut.net4                              1.59207
xdut.net0                          1.22593e-09
vd#branch                             9.93e-12
vclk#branch                                  0
vdd#branch                         -0.00203109


No. of Data Rows : 21779
capture1            =  3.30000e+00
hold1               =  3.30000e+00
capture0            =  1.22593e-09
hold0               =  2.45185e-09
capture2            =  3.30000e+00
hold2               =  3.30000e+00
capture3            =  1.22593e-09
hold3               =  2.45185e-09
capture4            =  3.30000e+00
ASCII raw file "out.raw"
ngspice-46 done
