
Note: No compatibility mode selected!


Circuit: cmos enabled 2-to-4 decoder

Doing analysis at TEMP = 27.000000 and TNOM = 27.000000

Using SPARSE 1.3 as Direct Linear Solver

Initial Transient Solution
--------------------------

Node                                   Voltage
----                                   -------
vdd                                        3.3
a                                            0
b                                            0
en                                           0
y0                                 6.12963e-10
y1                                 6.12963e-10
y2                                 6.12963e-10
y3                                 6.12963e-10
xdut.ab                                    3.3
xdut.net5                        -6.88058e-170
xdut.bb                                    3.3
xdut.net0                                  3.3
xdut.net1                                  3.3
xdut.net6                          2.79999e-29
xdut.net7                         1.18961e-180
xdut.net2                                  3.3
xdut.net8                         -1.07117e-13
xdut.net9                         -1.07117e-13
xdut.net3                                  3.3
xdut.net10                         2.88305e-29
xdut.net11                         2.88305e-29
xdut.net4                        -1.19175e-169
ven#branch                                   0
vb#branch                                    0
va#branch                                    0
vdd#branch                           -3.31e-11


No. of Data Rows : 16582
c0y0                =  6.12963e-10
c1y0                =  6.12967e-10
c2y0                =  6.12964e-10
c3y0                =  6.12966e-10
c4y0                =  3.30000e+00
c5y0                =  6.13792e-10
c6y0                =  6.17243e-10
c7y0                =  6.13377e-10
c0y1                =  6.12963e-10
c1y1                =  6.12963e-10
c2y1                =  6.12964e-10
c3y1                =  6.12964e-10
c4y1                =  6.13790e-10
c5y1                =  3.30000e+00
c6y1                =  6.13378e-10
c7y1                =  6.12963e-10
c0y2                =  6.12963e-10
c1y2                =  6.12966e-10
c2y2                =  6.12963e-10
c3y2                =  6.12967e-10
c4y2                =  6.17229e-10
c5y2                =  6.13377e-10
c6y2                =  3.30000e+00
c7y2                =  6.13792e-10
c0y3                =  6.12963e-10
c1y3                =  6.12963e-10
c2y3                =  6.12963e-10
c3y3                =  6.12963e-10
c4y3                =  6.13376e-10
c5y3                =  6.12963e-10
c6y3                =  6.13790e-10
c7y3                =  3.30000e+00
ASCII raw file "out.raw"
ngspice-46 done
