
Note: No compatibility mode selected!


Circuit: cmos power-on reset pulse generator

Doing analysis at TEMP = 27.000000 and TNOM = 27.000000

Using SPARSE 1.3 as Direct Linear Solver

Initial Transient Solution
--------------------------

Node                                   Voltage
----                                   -------
vdd                                          0
por                                          0
delay                             -6.81966e-25
xdut.net0                                    0
xdut.net1                                    0
vdd#branch                        -6.81966e-30


No. of Data Rows : 25384
initial_high        =  3.30000e+00
initial_clear       =  6.12963e-10
repeat_high         =  3.30000e+00
repeat_clear        =  6.12963e-10
width1              =  1.31903e-06 targ=  1.42909e-06 trig=  1.10064e-07
width2              =  1.28662e-06 targ=  1.62967e-05 trig=  1.50101e-05
discharged          =  5.86524e-02
ASCII raw file "out.raw"
ngspice-46 done
