
Note: No compatibility mode selected!


Circuit: cmos three-bit fibonacci lfsr

Doing analysis at TEMP = 27.000000 and TNOM = 27.000000

Using SPARSE 1.3 as Direct Linear Solver

Initial Transient Solution
--------------------------

Node                                   Voltage
----                                   -------
vdd                                        3.3
clk                                          0
q0                                         3.3
q1                                           0
q2                                           0
xdut.clkb                                  3.3
xdut.net2                                  3.3
xdut.net1                          6.12963e-10
xdut.net3                                  3.3
xdut.q0b                                     0
xdut.net4                                  3.3
xdut.net5                          6.12963e-10
xdut.net6                                  3.3
xdut.net7                          1.22593e-09
xdut.q1b                                   3.3
fb                                         3.3
xdut.net0                                  3.3
xdut.net8                          1.22593e-09
xdut.net9                                  3.3
xdut.net10                         1.83889e-09
xdut.net11                         1.22593e-09
xdut.q2b                                   3.3
vclk#branch                                  0
vdd#branch                          -8.606e-11


No. of Data Rows : 9494
s0b0                =  3.30000e+00
s0b1                =  4.29074e-09
s0b2                =  2.45185e-09
s1b0                =  3.30000e+00
s1b1                =  3.30000e+00
s1b2                =  1.22593e-09
s2b0                =  3.30000e+00
s2b1                =  3.30000e+00
s2b2                =  3.30000e+00
s3b0                =  2.45185e-09
s3b1                =  3.30000e+00
s3b2                =  3.30000e+00
s4b0                =  3.30000e+00
s4b1                =  1.83889e-09
s4b2                =  3.30000e+00
s5b0                =  4.29074e-09
s5b1                =  3.30000e+00
s5b2                =  1.22593e-09
s6b0                =  2.45185e-09
s6b1                =  1.83889e-09
s6b2                =  3.30000e+00
s7b0                =  3.30000e+00
s7b1                =  1.83889e-09
s7b2                =  1.22593e-09
s8b0                =  3.30000e+00
s8b1                =  3.30000e+00
s8b2                =  1.22593e-09
s9b0                =  3.30000e+00
s9b1                =  3.30000e+00
s9b2                =  3.30000e+00
s10b0               =  2.45185e-09
s10b1               =  3.30000e+00
s10b2               =  3.30000e+00
s11b0               =  3.30000e+00
s11b1               =  1.83889e-09
s11b2               =  3.30000e+00
s12b0               =  4.29074e-09
s12b1               =  3.30000e+00
s12b2               =  1.22593e-09
s13b0               =  2.45185e-09
s13b1               =  1.83889e-09
s13b2               =  3.30000e+00
s14b0               =  3.30000e+00
s14b1               =  1.83889e-09
s14b2               =  1.22593e-09
ASCII raw file "out.raw"
ngspice-46 done
