
Note: No compatibility mode selected!


Circuit: cmos autozero inverter comparator

Doing analysis at TEMP = 27.000000 and TNOM = 27.000000

Using SPARSE 1.3 as Direct Linear Solver

Initial Transient Solution
--------------------------

Node                                   Voltage
----                                   -------
vdd                                        3.3
az                                         3.3
vin                                        0.8
out                                    3.09054
x                                      1.25239
xdut.net0                              1.25239
xdut.azb                           6.12963e-10
vin#branch                                   0
vaz#branch                                   0
vdd#branch                         -0.00132448


No. of Data Rows : 11567
pos0                =  3.30000e+00
neg0                =  2.46524e-03
zero0               =  1.25239e+00
pos1                =  3.30000e+00
neg1                =  2.46525e-03
zero1               =  1.25239e+00
pos2                =  3.30000e+00
neg2                =  2.46527e-03
zero2               =  1.25239e+00
ASCII raw file "out.raw"
ngspice-46 done
