
Note: No compatibility mode selected!


Circuit: cmos 4-bit cyclic barrel shifter

Doing analysis at TEMP = 27.000000 and TNOM = 27.000000

Using SPARSE 1.3 as Direct Linear Solver

Initial Transient Solution
--------------------------

Node                                   Voltage
----                                   -------
vdd                                        3.3
d0                                           0
d1                                           0
d2                                           0
d3                                           0
s0                                           0
s1                                           0
y0                                  4.9037e-09
y1                                  4.9037e-09
y2                                  4.9037e-09
y3                                  4.9037e-09
xdut.s0b                                   3.3
xdut.x1                            3.67778e-09
xdut.x2                            3.67778e-09
xdut.x3                            3.67778e-09
xdut.x0                            3.67778e-09
xdut.s1b                                   3.3
vs1#branch                                   0
vs0#branch                                   0
vd3#branch                           2.648e-11
vd2#branch                           2.648e-11
vd1#branch                           2.648e-11
vd0#branch                           2.648e-11
vdd#branch                         -1.1254e-10

 Reference value :  3.15497e-06

No. of Data Rows : 36808
w0b0                =  4.90370e-09
w0b1                =  4.90370e-09
w0b2                =  4.90370e-09
w0b3                =  4.90370e-09
w1b0                =  3.30000e+00
w1b1                =  4.90370e-09
w1b2                =  4.90370e-09
w1b3                =  4.90370e-09
w2b0                =  4.90370e-09
w2b1                =  3.30000e+00
w2b2                =  4.90370e-09
w2b3                =  4.90370e-09
w3b0                =  3.30000e+00
w3b1                =  3.30000e+00
w3b2                =  4.90370e-09
w3b3                =  4.90370e-09
w4b0                =  4.90370e-09
w4b1                =  4.90370e-09
w4b2                =  3.30000e+00
w4b3                =  4.90370e-09
w5b0                =  3.30000e+00
w5b1                =  4.90370e-09
w5b2                =  3.30000e+00
w5b3                =  4.90370e-09
w6b0                =  4.90370e-09
w6b1                =  3.30000e+00
w6b2                =  3.30000e+00
w6b3                =  4.90370e-09
w7b0                =  3.30000e+00
w7b1                =  3.30000e+00
w7b2                =  3.30000e+00
w7b3                =  4.90370e-09
w8b0                =  4.90370e-09
w8b1                =  4.90370e-09
w8b2                =  4.90370e-09
w8b3                =  3.30000e+00
w9b0                =  3.30000e+00
w9b1                =  4.90370e-09
w9b2                =  4.90370e-09
w9b3                =  3.30000e+00
w10b0               =  4.90370e-09
w10b1               =  3.30000e+00
w10b2               =  4.90370e-09
w10b3               =  3.30000e+00
w11b0               =  3.30000e+00
w11b1               =  3.30000e+00
w11b2               =  4.90370e-09
w11b3               =  3.30000e+00
w12b0               =  4.90370e-09
w12b1               =  4.90370e-09
w12b2               =  3.30000e+00
w12b3               =  3.30000e+00
w13b0               =  3.30000e+00
w13b1               =  4.90370e-09
w13b2               =  3.30000e+00
w13b3               =  3.30000e+00
w14b0               =  4.90370e-09
w14b1               =  3.30000e+00
w14b2               =  3.30000e+00
w14b3               =  3.30000e+00
w15b0               =  3.30000e+00
w15b1               =  3.30000e+00
w15b2               =  3.30000e+00
w15b3               =  3.30000e+00
w16b0               =  4.90370e-09
w16b1               =  4.90370e-09
w16b2               =  4.90370e-09
w16b3               =  4.90370e-09
w17b0               =  4.90370e-09
w17b1               =  3.30000e+00
w17b2               =  4.90370e-09
w17b3               =  4.90370e-09
w18b0               =  4.90370e-09
w18b1               =  4.90370e-09
w18b2               =  3.30000e+00
w18b3               =  4.90370e-09
w19b0               =  4.90370e-09
w19b1               =  3.30000e+00
w19b2               =  3.30000e+00
w19b3               =  4.90370e-09
w20b0               =  4.90370e-09
w20b1               =  4.90370e-09
w20b2               =  4.90370e-09
w20b3               =  3.30000e+00
w21b0               =  4.90370e-09
w21b1               =  3.30000e+00
w21b2               =  4.90370e-09
w21b3               =  3.30000e+00
w22b0               =  4.90370e-09
w22b1               =  4.90370e-09
w22b2               =  3.30000e+00
w22b3               =  3.30000e+00
w23b0               =  4.90370e-09
w23b1               =  3.30000e+00
w23b2               =  3.30000e+00
w23b3               =  3.30000e+00
w24b0               =  3.30000e+00
w24b1               =  4.90370e-09
w24b2               =  4.90370e-09
w24b3               =  4.90370e-09
w25b0               =  3.30000e+00
w25b1               =  3.30000e+00
w25b2               =  4.90370e-09
w25b3               =  4.90370e-09
w26b0               =  3.30000e+00
w26b1               =  4.90370e-09
w26b2               =  3.30000e+00
w26b3               =  4.90370e-09
w27b0               =  3.30000e+00
w27b1               =  3.30000e+00
w27b2               =  3.30000e+00
w27b3               =  4.90370e-09
w28b0               =  3.30000e+00
w28b1               =  4.90370e-09
w28b2               =  4.90370e-09
w28b3               =  3.30000e+00
w29b0               =  3.30000e+00
w29b1               =  3.30000e+00
w29b2               =  4.90370e-09
w29b3               =  3.30000e+00
w30b0               =  3.30000e+00
w30b1               =  4.90370e-09
w30b2               =  3.30000e+00
w30b3               =  3.30000e+00
w31b0               =  3.30000e+00
w31b1               =  3.30000e+00
w31b2               =  3.30000e+00
w31b3               =  3.30000e+00
w32b0               =  4.90370e-09
w32b1               =  4.90370e-09
w32b2               =  4.90370e-09
w32b3               =  4.90370e-09
w33b0               =  4.90370e-09
w33b1               =  4.90370e-09
w33b2               =  3.30000e+00
w33b3               =  4.90370e-09
w34b0               =  4.90370e-09
w34b1               =  4.90370e-09
w34b2               =  4.90370e-09
w34b3               =  3.30000e+00
w35b0               =  4.90370e-09
w35b1               =  4.90370e-09
w35b2               =  3.30000e+00
w35b3               =  3.30000e+00
w36b0               =  3.30000e+00
w36b1               =  4.90370e-09
w36b2               =  4.90370e-09
w36b3               =  4.90370e-09
w37b0               =  3.30000e+00
w37b1               =  4.90370e-09
w37b2               =  3.30000e+00
w37b3               =  4.90370e-09
w38b0               =  3.30000e+00
w38b1               =  4.90370e-09
w38b2               =  4.90370e-09
w38b3               =  3.30000e+00
w39b0               =  3.30000e+00
w39b1               =  4.90370e-09
w39b2               =  3.30000e+00
w39b3               =  3.30000e+00
w40b0               =  4.90370e-09
w40b1               =  3.30000e+00
w40b2               =  4.90370e-09
w40b3               =  4.90370e-09
w41b0               =  4.90370e-09
w41b1               =  3.30000e+00
w41b2               =  3.30000e+00
w41b3               =  4.90370e-09
w42b0               =  4.90370e-09
w42b1               =  3.30000e+00
w42b2               =  4.90370e-09
w42b3               =  3.30000e+00
w43b0               =  4.90370e-09
w43b1               =  3.30000e+00
w43b2               =  3.30000e+00
w43b3               =  3.30000e+00
w44b0               =  3.30000e+00
w44b1               =  3.30000e+00
w44b2               =  4.90370e-09
w44b3               =  4.90370e-09
w45b0               =  3.30000e+00
w45b1               =  3.30000e+00
w45b2               =  3.30000e+00
w45b3               =  4.90370e-09
w46b0               =  3.30000e+00
w46b1               =  3.30000e+00
w46b2               =  4.90370e-09
w46b3               =  3.30000e+00
w47b0               =  3.30000e+00
w47b1               =  3.30000e+00
w47b2               =  3.30000e+00
w47b3               =  3.30000e+00
w48b0               =  4.90370e-09
w48b1               =  4.90370e-09
w48b2               =  4.90370e-09
w48b3               =  4.90370e-09
w49b0               =  4.90370e-09
w49b1               =  4.90370e-09
w49b2               =  4.90370e-09
w49b3               =  3.30000e+00
w50b0               =  3.30000e+00
w50b1               =  4.90370e-09
w50b2               =  4.90370e-09
w50b3               =  4.90370e-09
w51b0               =  3.30000e+00
w51b1               =  4.90370e-09
w51b2               =  4.90370e-09
w51b3               =  3.30000e+00
w52b0               =  4.90370e-09
w52b1               =  3.30000e+00
w52b2               =  4.90370e-09
w52b3               =  4.90370e-09
w53b0               =  4.90370e-09
w53b1               =  3.30000e+00
w53b2               =  4.90370e-09
w53b3               =  3.30000e+00
w54b0               =  3.30000e+00
w54b1               =  3.30000e+00
w54b2               =  4.90370e-09
w54b3               =  4.90370e-09
w55b0               =  3.30000e+00
w55b1               =  3.30000e+00
w55b2               =  4.90370e-09
w55b3               =  3.30000e+00
w56b0               =  4.90370e-09
w56b1               =  4.90370e-09
w56b2               =  3.30000e+00
w56b3               =  4.90370e-09
w57b0               =  4.90370e-09
w57b1               =  4.90370e-09
w57b2               =  3.30000e+00
w57b3               =  3.30000e+00
w58b0               =  3.30000e+00
w58b1               =  4.90370e-09
w58b2               =  3.30000e+00
w58b3               =  4.90370e-09
w59b0               =  3.30000e+00
w59b1               =  4.90370e-09
w59b2               =  3.30000e+00
w59b3               =  3.30000e+00
w60b0               =  4.90370e-09
w60b1               =  3.30000e+00
w60b2               =  3.30000e+00
w60b3               =  4.90370e-09
w61b0               =  4.90370e-09
w61b1               =  3.30000e+00
w61b2               =  3.30000e+00
w61b3               =  3.30000e+00
w62b0               =  3.30000e+00
w62b1               =  3.30000e+00
w62b2               =  3.30000e+00
w62b3               =  4.90370e-09
w63b0               =  3.30000e+00
w63b1               =  3.30000e+00
w63b2               =  3.30000e+00
w63b3               =  3.30000e+00
ASCII raw file "out.raw"
ngspice-46 done
