
Note: No compatibility mode selected!


Circuit: cmos transmission-gate full adder

Doing analysis at TEMP = 27.000000 and TNOM = 27.000000

Using SPARSE 1.3 as Direct Linear Solver

Initial Transient Solution
--------------------------

Node                                   Voltage
----                                   -------
vdd                                        3.3
cin                                          0
b                                            0
a                                            0
cout                               1.22593e-09
sum                                1.22593e-09
xdut.ab                                    3.3
xdut.p                             1.22593e-09
xdut.bb                                    3.3
xdut.pb                                    3.3
xdut.cinb                                  3.3
va#branch                             9.93e-12
vb#branch                             9.93e-12
vcin#branch                          1.324e-11
vdd#branch                          -5.296e-11


No. of Data Rows : 16678
sum0                =  1.22593e-09
cout0               =  1.22593e-09
sum1                =  3.30000e+00
cout1               =  1.22593e-09
sum2                =  3.30000e+00
cout2               =  1.22593e-09
sum3                =  3.67778e-09
cout3               =  3.30000e+00
sum4                =  3.30000e+00
cout4               =  1.22593e-09
sum5                =  3.67778e-09
cout5               =  3.30000e+00
sum6                =  1.22593e-09
cout6               =  3.30000e+00
sum7                =  3.30000e+00
cout7               =  3.30000e+00
ASCII raw file "out.raw"
ngspice-46 done
