
Note: No compatibility mode selected!


Circuit: cmos four-input priority encoder

Doing analysis at TEMP = 27.000000 and TNOM = 27.000000

Using SPARSE 1.3 as Direct Linear Solver

Initial Transient Solution
--------------------------

Node                                   Voltage
----                                   -------
vdd                                        3.3
d0                                           0
d1                                           0
d2                                           0
d3                                           0
b0                                 6.12963e-10
b1                                 6.12963e-10
valid                              6.12963e-10
d2b                                        3.3
xdut.net0                                  3.3
xdut.net4                                  3.3
xdut.net2                           1.7864e-28
xdut.net3                                  3.3
xdut.net6                                  3.3
xdut.net7                                  3.3
xdut.net8                                  3.3
xdut.net1                                  3.3
xdut.net5                                  3.3
v3#branch                                    0
v2#branch                                    0
v1#branch                                    0
v0#branch                                    0
vdd#branch                          -3.972e-11


No. of Data Rows : 40671
s0b0                =  6.12963e-10
s0b1                =  6.12963e-10
s0valid             =  6.12963e-10
s1b0                =  6.12963e-10
s1b1                =  6.12963e-10
s1valid             =  3.30000e+00
s2b0                =  3.30000e+00
s2b1                =  6.12963e-10
s2valid             =  3.30000e+00
s3b0                =  3.30000e+00
s3b1                =  6.12963e-10
s3valid             =  3.30000e+00
s4b0                =  6.12965e-10
s4b1                =  3.30000e+00
s4valid             =  3.30000e+00
s5b0                =  6.12963e-10
s5b1                =  3.30000e+00
s5valid             =  3.30000e+00
s6b0                =  6.13446e-10
s6b1                =  3.30000e+00
s6valid             =  3.30000e+00
s7b0                =  6.12984e-10
s7b1                =  3.30000e+00
s7valid             =  3.30000e+00
s8b0                =  3.30000e+00
s8b1                =  3.30000e+00
s8valid             =  3.30000e+00
s9b0                =  3.30000e+00
s9b1                =  3.30000e+00
s9valid             =  3.30000e+00
s10b0               =  3.30000e+00
s10b1               =  3.30000e+00
s10valid            =  3.30000e+00
s11b0               =  3.30000e+00
s11b1               =  3.30000e+00
s11valid            =  3.30000e+00
s12b0               =  3.30000e+00
s12b1               =  3.30000e+00
s12valid            =  3.30000e+00
s13b0               =  3.30000e+00
s13b1               =  3.30000e+00
s13valid            =  3.30000e+00
s14b0               =  3.30000e+00
s14b1               =  3.30000e+00
s14valid            =  3.30000e+00
s15b0               =  3.30000e+00
s15b1               =  3.30000e+00
s15valid            =  3.30000e+00
ASCII raw file "out.raw"
ngspice-46 done
