
Note: No compatibility mode selected!


Circuit: mos bootstrapped track-and-hold switch

Doing analysis at TEMP = 27.000000 and TNOM = 27.000000

Using SPARSE 1.3 as Direct Linear Solver

Initial Transient Solution
--------------------------

Node                                   Voltage
----                                   -------
vdd                                        3.3
sample                                       0
sampleb                                    3.3
vin                                        0.5
xdut.t                                 2.33748
xdut.b                             3.06481e-10
out                                8.48235e-22
g                                  2.17359e-10
vin#branch                            1.79e-12
vsb#branch                                   0
vs#branch                                    0
vdd#branch                         -1.4125e-11


No. of Data Rows : 15384
track0              =  5.00000e-01
gate0               =  2.82884e+00
track1              =  1.60000e+00
gate1               =  3.92124e+00
track2              =  2.80000e+00
gate2               =  5.11248e+00
hold0               =  4.97732e-01
hold1               =  1.59684e+00
ASCII raw file "out.raw"
ngspice-46 done
