
Note: No compatibility mode selected!


Circuit: cmos tri-state driver with bus keeper

Doing analysis at TEMP = 27.000000 and TNOM = 27.000000

Using SPARSE 1.3 as Direct Linear Solver

Initial Transient Solution
--------------------------

Node                                   Voltage
----                                   -------
vdd                                        3.3
en                                         3.3
d                                            0
bus                                2.35755e-09
xdut.enb                           6.12963e-10
xdut.net0                                  3.3
xdut.db                                    3.3
xdut.net2                                  3.3
xdut.net1                          1.17877e-09
vd#branch                                    0
ven#branch                                   0
vdd#branch                          -1.655e-11


No. of Data Rows : 14438
drive_low           =  2.35755e-09
hold_low            =  -1.68995e-04
drive_high          =  3.30000e+00
hold_high           =  3.30169e+00
redrive_low         =  2.35755e-09
ASCII raw file "out.raw"
ngspice-46 done
