
Note: No compatibility mode selected!


Circuit: cmos hysteretic under-voltage lockout

Doing analysis at TEMP = 27.000000 and TNOM = 27.000000

Using SPARSE 1.3 as Direct Linear Solver

Initial Transient Solution
--------------------------

Node                                   Voltage
----                                   -------
vdd                                        2.1
vref                                         1
vb                                         0.9
xdut.net2                            0.0282114
en                                 7.03333e-10
xdut.net0                              1.41557
xdut.sense                                 0.7
xdut.net1                            0.0202077
xdut.net4                                  2.1
xdut.net3                                  2.1
vb#branch                                    0
vref#branch                                  0
vdd#branch                         -1.8721e-05


No. of Data Rows : 48390
rising              =  2.99582e+00
falling             =  2.49218e+00
rising2             =  2.99582e+00
off1                =  2.10843e-08
on1                 =  1.00000e+00
off2                =  3.34921e-10
on2                 =  1.00000e+00
ASCII raw file "out.raw"
ngspice-46 done
