
Note: No compatibility mode selected!


Circuit: cmos domino ao21 gate with keeper

Doing analysis at TEMP = 27.000000 and TNOM = 27.000000

Using SPARSE 1.3 as Direct Linear Solver

Initial Transient Solution
--------------------------

Node                                   Voltage
----                                   -------
vdd                                        3.3
a                                            0
b                                            0
c                                            0
clk                                          0
xdut.net0                                  3.3
out                                6.12963e-10
xdut.net2                           6.0242e-21
xdut.net1                          5.96893e-21
vclk#branch                                  0
v2#branch                                    0
v1#branch                                    0
v0#branch                                    0
vdd#branch                           -9.93e-12


No. of Data Rows : 9271
eval0               =  6.12963e-10
pre0                =  6.12963e-10
eval1               =  6.13180e-10
pre1                =  6.13368e-10
eval2               =  6.12963e-10
pre2                =  6.12963e-10
eval3               =  3.30000e+00
pre3                =  6.18574e-10
eval4               =  3.30000e+00
pre4                =  6.14617e-10
eval5               =  3.30000e+00
pre5                =  6.15029e-10
eval6               =  3.30000e+00
pre6                =  6.17174e-10
eval7               =  3.30000e+00
pre7                =  6.14903e-10
ASCII raw file "out.raw"
ngspice-46 done
