
Note: No compatibility mode selected!


Circuit: cmos two-output analog crosspoint

Doing analysis at TEMP = 27.000000 and TNOM = 27.000000

Using SPARSE 1.3 as Direct Linear Solver

Initial Transient Solution
--------------------------

Node                                   Voltage
----                                   -------
vdd                                        3.3
v0                                         0.7
v1                                         2.6
s0                                           0
s1                                           0
y0                                         0.7
y1                                         0.7
xdut.s0b                                   3.3
xdut.s1b                                   3.3
vs1#branch                                   0
vs0#branch                                   0
v1#branch                             -3.8e-12
v0#branch                          -1.3886e-09
vdd#branch                           -2.37e-11


No. of Data Rows : 8465
r0o0                =  7.00000e-01
r0o1                =  7.00000e-01
r1o0                =  2.60000e+00
r1o1                =  7.00000e-01
r2o0                =  7.00000e-01
r2o1                =  2.60000e+00
r3o0                =  2.60000e+00
r3o1                =  2.60000e+00
r4o0                =  1.10000e+00
r4o1                =  1.10000e+00
r5o0                =  2.20000e+00
r5o1                =  1.10000e+00
r6o0                =  1.10000e+00
r6o1                =  2.20000e+00
r7o0                =  2.20000e+00
r7o1                =  2.20000e+00
ASCII raw file "out.raw"
ngspice-46 done
