
Note: No compatibility mode selected!


Circuit: cmos 3-bit r-2r dac

Doing analysis at TEMP = 27.000000 and TNOM = 27.000000

Using SPARSE 1.3 as Direct Linear Solver

Initial Transient Solution
--------------------------

Node                                   Voltage
----                                   -------
vdd                                        3.3
d0                                           0
d1                                           0
d2                                           0
out                                1.07095e-09
xdut.d0b                                   3.3
xdut.net2                          1.22204e-09
xdut.d1b                                   3.3
xdut.net3                           1.2238e-09
xdut.d2b                                   3.3
xdut.net4                           1.2245e-09
xdut.net0                            8.026e-10
xdut.net1                          9.94179e-10
vd2#branch                                   0
vd1#branch                                   0
vd0#branch                                   0
vdd#branch                          -4.965e-11


No. of Data Rows : 8724
code0               =  1.07095e-09
code1               =  4.12687e-01
code2               =  8.23543e-01
code3               =  1.23678e+00
code4               =  1.64284e+00
code5               =  2.05614e+00
code6               =  2.46783e+00
code7               =  2.88165e+00
ASCII raw file "out.raw"
ngspice-46 done
