
Note: No compatibility mode selected!
Circuit: cmos correlated double sampler with hold
Doing analysis at TEMP = 27.000000 and TNOM = 27.000000
Using SPARSE 1.3 as Direct Linear Solver
Initial Transient Solution
--------------------------
Node                                   Voltage
----                                   -------
vdd                                        3.3
vcm                                        1.2
track                                        0
reset                                        0
vin                                        0.8
out                                  0.0033022
xdut.net1                                 1.65
xdut.net0                                 1.65
xdut.net3                                  3.3
xdut.net2                                  3.3
vin#branch                             1.7e-12
vr#branch                                    0
vt#branch                                    0
vcm#branch                               9e-13
vdd#branch                        -1.95267e-11
No. of Data Rows : 21066
base                =  1.00653e+00
offset_residual     =  -1.95377e-04
doubled             =  8.10948e-01
zero_input          =  1.20206e+00
hold_droop          =  8.00789e-04 from=  7.20000e-06 to=  8.80000e-06
ASCII raw file "out.raw"
ngspice-46 done
