
Note: No compatibility mode selected!


Circuit: cmos four-phase asynchronous pipeline latch

Doing analysis at TEMP = 27.000000 and TNOM = 27.000000

Using SPARSE 1.3 as Direct Linear Solver

Initial Transient Solution
--------------------------

Node                                   Voltage
----                                   -------
vdd                                        3.3
reqi                                         0
acko                                         0
din                                          0
dout                                         0
reqo                                         0
xdut.net1                                  3.3
xdut.net6                           2.2006e-25
xdut.rb                                    3.3
xdut.ackob                                 3.3
xdut.net7                              2.33746
xdut.net4                          1.22593e-09
xdut.net3                                  3.3
xdut.net0                                  3.3
acki                               6.12963e-10
xdut.net2                                  3.3
xdut.net5                          1.2335e-109
vdin#branch                           9.93e-12
vacko#branch                                 0
vreqi#branch                                 0
vdd#branch                           -3.31e-11


No. of Data Rows : 10231
h0reqo              =  6.14408e-10
h0acki              =  6.12963e-10
h0dout              =  1.22593e-09
h1reqo              =  3.30000e+00
h1acki              =  3.30000e+00
h1dout              =  3.30000e+00
h2reqo              =  3.30000e+00
h2acki              =  3.30000e+00
h2dout              =  3.30000e+00
h3reqo              =  2.69125e-07
h3acki              =  6.12963e-10
h3dout              =  1.22453e-09
h4reqo              =  5.64770e-08
h4acki              =  6.12963e-10
h4dout              =  3.30000e+00
h5reqo              =  3.30000e+00
h5acki              =  3.30000e+00
h5dout              =  2.45632e-09
h6reqo              =  3.30000e+00
h6acki              =  3.30000e+00
h6dout              =  2.45109e-09
h7reqo              =  2.69163e-07
h7acki              =  6.12963e-10
h7dout              =  3.30000e+00
h8reqo              =  5.67601e-08
h8acki              =  6.12963e-10
h8dout              =  1.22583e-09
ASCII raw file "out.raw"
ngspice-46 done
