
Note: No compatibility mode selected!


Circuit: cmos 3-bit gray-to-binary converter

Doing analysis at TEMP = 27.000000 and TNOM = 27.000000

Using SPARSE 1.3 as Direct Linear Solver

Initial Transient Solution
--------------------------

Node                                   Voltage
----                                   -------
vdd                                        3.3
g0                                           0
g1                                           0
g2                                           0
b0                                 1.22593e-09
b1                                 1.22593e-09
b2                                 6.12963e-10
xdut.g2b                                   3.3
xdut.g1b                                   3.3
xdut.b1b                                   3.3
xdut.g0b                                   3.3
vg2#branch                                   0
vg1#branch                            9.93e-12
vg0#branch                            9.93e-12
vdd#branch                          -4.303e-11


No. of Data Rows : 16570
c0b0                =  1.22593e-09
c0b1                =  1.22593e-09
c0b2                =  6.12963e-10
c1b0                =  3.30000e+00
c1b1                =  1.22593e-09
c1b2                =  6.12963e-10
c2b0                =  3.30000e+00
c2b1                =  3.30000e+00
c2b2                =  6.12963e-10
c3b0                =  3.67778e-09
c3b1                =  3.30000e+00
c3b2                =  6.12963e-10
c4b0                =  3.30000e+00
c4b1                =  3.30000e+00
c4b2                =  3.30000e+00
c5b0                =  3.67778e-09
c5b1                =  3.30000e+00
c5b2                =  3.30000e+00
c6b0                =  1.22593e-09
c6b1                =  3.67778e-09
c6b2                =  3.30000e+00
c7b0                =  3.30000e+00
c7b1                =  3.67778e-09
c7b2                =  3.30000e+00
ASCII raw file "out.raw"
ngspice-46 done
